OpenPLi Enigma2 crash log

crashdate=Tue Mar 24 12:42:11 2020
compiledate=Dec 24 2019
skin=MetrixHD/skin.xml
sourcedate=2019-05-12
branch=release-6.2
rev=79cab6f
component=Enigma2

stbmodel=solo
stbmodel=dm500hd
kernelcmdline=bmem=156M ubi.mtd=0 root=ubi0:rootfs rootfstype=ubifs rw rootflags=sync
nimsockets=NIM Socket 0:
imageissue=openpli 6.2-release %h


REMOVE Peer vusolo
REMOVE Peer vusolo


dmesg

<6>hub 2-0:1.0: 1 port detected
<6>ohci_hcd: USB 1.1 'Open' Host Controller (OHCI) Driver
<6>ohci-brcm ohci-brcm.0: Broadcom STB OHCI
<6>ohci-brcm ohci-brcm.0: new USB bus registered, assigned bus number 3
<6>ohci-brcm ohci-brcm.0: irq 64, io mem 0x10480400
<6>hub 3-0:1.0: USB hub found
<6>hub 3-0:1.0: 1 port detected
<6>ohci-brcm ohci-brcm.1: Broadcom STB OHCI
<6>ohci-brcm ohci-brcm.1: new USB bus registered, assigned bus number 4
<6>ohci-brcm ohci-brcm.1: irq 59, io mem 0x10480600
<6>hub 4-0:1.0: USB hub found
<6>hub 4-0:1.0: 1 port detected
<6>Initializing USB Mass Storage driver...
<6>usbcore: registered new interface driver usb-storage
<6>USB Mass Storage support registered.
<6>mousedev: PS/2 mouse device common for all mice
<6>i2c /dev entries driver
<6>hidraw: raw HID events driver (C) Jiri Kosina
<6>usbcore: registered new interface driver usbhid
<6>usbhid: USB HID core driver
<6>TCP: cubic registered
<6>NET: Registered protocol family 17
<5>Key type dns_resolver registered
<6>EBI CS0: setting up NAND flash (primary)
<6>mtd->oobsize=0, mtd->eccOobSize=0
<4>NAND_CS_NAND_XOR=00000001
<4>B4: NandSelect=00000101, nandConfig=55042200, chipSelect=0
<4>brcmnand_read_id: CS0: dev_id=ecf10095
<4>After: NandSelect=40000100, nandConfig=55042200
<4>Block size=00020000, erase shift=17
<6>NAND Config: Reg=55042200, chipSize=128 MB, blockSize=128K, erase_shift=11
<6>busWidth=1, pageSize=2048B, page_shift=11, page_mask=000007ff
<6>BrcmNAND mfg ec f1 Samsung K9F1G08U0A 128MB on CS0
<6>
<6>Found NAND on CS0: ACC=d3000000, cfg=55042200, flashId=ecf10095, tim1=4232222d, tim2=00000d94
<6>BrcmNAND version = 0x0200 128MB @00000000
<4>B4: NandSelect=40000100, nandConfig=55042200, chipSelect=0
<4>brcmnand_read_id: CS0: dev_id=ecf10095
<4>After: NandSelect=40000100, nandConfig=55042200
<4>Found NAND flash on Chip Select 0, chipSize=128MB, usable size=128MB, base=0
<4>brcmnand_scan: B4 nand_select = 40000100
<4>brcmnand_scan: After nand_select = 40000100
<6>page_shift=11, bbt_erase_shift=17, chip_shift=27, phys_erase_shift=17
<6>Brcm NAND controller version = 2.0 NAND flash size 128MB @18000000
<4>ECC layout=brcmnand_oob_bch4_4k
<6>brcmnand_scan:  mtd->oobsize=64
<6>brcmnand_scan: oobavail=50, eccsize=512, writesize=2048
<6>brcmnand_scan, eccsize=512, writesize=2048, eccsteps=4, ecclevel=15, eccbytes=3
<4>-->brcmnand_default_bbt
<4>brcmnand_default_bbt: bbt_td = bbt_main_descr
<7>Bad block table Bbt0 found at page 0000ffc0, version 0x01 for chip on CS0
<7>Bad block table 1tbB found at page 0000ff80, version 0x01 for chip on CS0
<7>nand_read_bbt: Bad block at 0x00f00000
<7>nand_read_bbt: Bad block at 0x07560000
<5>Creating 7 MTD partitions on "brcmnand.0":
<5>0x000000000000-0x000007400000 : "rootfs"
<6>usb 1-1: new high-speed USB device number 2 using ehci-brcm
<5>0x000007400000-0x000007800000 : "kernel"
<5>0x000007800000-0x000007c00000 : "boot"
<5>0x000007c00000-0x000007d00000 : "cfe"
<5>0x000007d00000-0x000007d80000 : "mac"
<5>0x000007d80000-0x000007e00000 : "env"
<5>0x000007e00000-0x000007f00000 : "nvm"
<6>PM: CP0 COUNT/COMPARE frequency depends on divisor
<5>UBI: attaching mtd0 to ubi0
<6>scsi0 : usb-storage 1-1:1.0
<5>UBI: scanning is finished
<5>UBI: attached mtd0 (name "rootfs", size 116 MiB) to ubi0
<5>UBI: PEB size: 131072 bytes (128 KiB), LEB size: 126976 bytes
<5>UBI: min./max. I/O unit sizes: 2048/2048, sub-page size 2048
<5>UBI: VID header offset: 2048 (aligned 2048), data offset: 4096
<5>UBI: good PEBs: 927, bad PEBs: 1, corrupted PEBs: 0
<5>UBI: user volume: 1, internal volumes: 1, max. volumes count: 128
<5>UBI: max/mean erase counter: 50/14, WL threshold: 4096, image sequence number: 418106674
<5>UBI: available PEBs: 0, total reserved PEBs: 927, PEBs reserved for bad PEB handling: 19
<6>ALSA device list:
<6>  No soundcards found.
<5>UBIFS: parse sync
<5>UBI: background thread "ubi_bgt0d" started, PID 39
<5>UBIFS: background thread "ubifs_bgt0_0" started, PID 40
<5>UBIFS: recovery needed
<5>scsi 0:0:0:0: Direct-Access     TOSHIBA  USB FLASH DRIVE  PMAP PQ: 0 ANSI: 6
<5>sd 0:0:0:0: Attached scsi generic sg0 type 0
<5>sd 0:0:0:0: [sda] 15249408 512-byte logical blocks: (7.80 GB/7.27 GiB)
<5>sd 0:0:0:0: [sda] Write Protect is off
<7>sd 0:0:0:0: [sda] Mode Sense: 45 00 00 00
<5>sd 0:0:0:0: [sda] Write cache: disabled, read cache: enabled, doesn't support DPO or FUA
<6> sda: sda1
<5>sd 0:0:0:0: [sda] Attached SCSI removable disk
<5>UBIFS: recovery completed
<5>UBIFS: mounted UBI device 0, volume 0, name "rootfs"(null)
<5>UBIFS: LEB size: 126976 bytes (124 KiB), min./max. I/O unit sizes: 2048 bytes/2048 bytes
<5>UBIFS: FS size: 113389568 bytes (108 MiB, 893 LEBs), journal size 9023488 bytes (8 MiB, 72 LEBs)
<5>UBIFS: reserved for root: 0 bytes (0 KiB)
<5>UBIFS: media format: w4/r0 (latest is w4/r0), UUID A3727CAC-8947-47FC-BBB2-DF969E6B3564, small LPT model
<6>VFS: Mounted root (ubifs filesystem) on device 0:10.
<6>devtmpfs: mounted
<6>Freeing unused kernel memory: 264k freed
<6>EXT4-fs (sda1): recovery complete
<6>EXT4-fs (sda1): mounted filesystem with ordered data mode. Opts: (null)
<4>procmk_init
<4>dvb_bcm7325: module license 'Proprietary' taints kernel.
<4>Disabling lock debugging due to kernel taint
<6>DVB: registering new adapter (vusolo)
<4>bcm7325: hotplug_callback(): 
<4>Hotplug - status.connected 0
<4>bcm7325: hotplug_callback(): 
<4>Hotplug - status.connected 1
<4>bcm7325: hotplug_callback(): 
<4>Hotplug - connecting HDMI to display 0xe
<6>brcm_demux_init: $Id: bcm7335_demux.c,v 0.6 $
<4>[VID]: 6bcm7335_video_init
<4>[AUD]: 6bcm7335_audio_init
<6>BRCM brcm_dvb0: DVB: registering adapter 0 frontend 0 (BCM7335 FE)...
<4>[MPVR]: >> misc_pvr_init
<6>input: dreambox remote control (native) as /devices/virtual/input/input0
<6>[LCD]: registered
<4>[LCD]:power led off
<4>
<4>[LCD]:bm730_dbox_lcd_write_data 
<4>
<4>[LCD]:vfd reply success
<4>
<6>[CI]: registered ci0
<6>[CI]: registered ci1
<6>[DFP]: registered dbox fp
<4>[DFP]:max9597_Shutdown data = 0x80
<6>[SC]: registered sci0
<4>system_time_set wakeup mode get 
<4>[LCD]:bm730_dbox_lcd_write_read_data len: 8
<4>
<4>[LCD]:rtc data received 4
<4>
<4>system_time_set wakeup mode get 0xc4
<6>Adding 131068k swap on /media/usb/swapfile.  Priority:-1 extents:2 across:135164k 
<4>[VID]: VIDEO_SET_STREAMTYPE 1 
<4>[VID]: VIDEO_SELECT_SOURCE 1  
<4>[VID]: VIDEO_PLAY 1  5 0
<4>[VID]: VIDEO_CONTINUE 1  1 
<4>[VID]: VIDEO_CLEAR_BUFFER 1  1 0
<4>[VID]: VIDEO_STOP 0  1
<4>[VID]: VIDEO_SELECT_SOURCE 0  
<6>NET: Registered protocol family 10
<4>[VID]: VIDEO_SET_STREAMTYPE 1 
<4>[VID]: VIDEO_SELECT_SOURCE 1  
<4>[VID]: VIDEO_PLAY 1  5 0
<4>[VID]: VIDEO_CONTINUE 1  1 
<4>[VID]: VIDEO_CLEAR_BUFFER 1  1 0
<4>[VID]: VIDEO_STOP 0  1
<4>[VID]: VIDEO_SELECT_SOURCE 0  
<4>[LCD]:dbox_lcd_open
<4>
<4>[LCD]:dbox_lcd_ioctl cmd : 4117
<4>
<3>[LCD]: unknown cmd 0x1015
<4>[CI]:ci_dev_open
<4>
<4>[CI]:Opening A GPIO's for 7325 platform
<4>
<4>[CI]:Opening A GPIO's for 7325 platform....done
<4>
<4>[CI]:entering.. A NEXUS_DvbCi_Open 
<4>
<4>[CI]:NEXUS_DvbCi_Open done..
<4>
<4>[CI]:Installing callbacks
<4>
<4>[CI]:Forcing card check
<4>
<4>[CI]:Card insertion status changed
<4>
<4>[CI]:Opening B GPIO's for 7325 platform
<4>
<4>[CI]:Opening B GPIO's for 7325 platform....done
<4>
<4>[CI]:entering.. B NEXUS_DvbCi_Open 
<4>
<4>[CI]:NEXUS_DvbCi_Open done..
<4>
<4>[CI]:Installing callbacks
<4>
<4>[CI]:Forcing card check
<4>
<4>[CI]:Card B insertion status changed
<4>
<6>[CI]: CI interface initialised
<6>
<4>[CI]:ci1_dev_open
<4>
<4>[CI]:NEXUS_Remux_Start CI0 0 0
<4>
<4>[CI]:>>close_mpod tuner:0
<4>
<4>[CI]:remux stop
<4>
<4>[CI]:get_remux_startcnt count : 0
<4>
<4>[CI]:get_remux_startcnt() count : 0
<4>
<4>[CI]:get_remux_startcnt count : 0
<4>
<4>[CI]:get_remux_startcnt count : 0
<4>
<4>[CI]:get_remux_startcnt count : 0
<4>
<4>[CI]:get_remux_startcnt() count : 0
<4>
<4>[CI]:>>close_mpod tuner:1
<4>
<4>[CI]:remux stop
<4>
<4>[CI]:get_remux_startcnt count : 0
<4>
<4>[CI]:get_remux_startcnt() count : 0
<4>
<4>[CI]:get_remux_startcnt count : 0
<4>
<4>[CI]:get_remux_startcnt count : 0
<4>
<4>[CI]:get_remux_startcnt count : 0
<4>
<4>[CI]:get_remux_startcnt() count : 0
<4>
<4>[DFP]:scart_select_tvvideotype TV = 0
<4>[DFP]:max9597_fast_blanking data = 0x0
<4>[DFP]:max9597_enable_output data = 0x6
<4>[DFP]:scart_select_tvout aTVOutType = 2
<4>[LCD]:bm730_dbox_lcd_write_data 
<4>
<4>[LCD]:vfd reply success
<4>
<4>[LCD]:bm730_dbox_lcd_write_data 
<4>
<4>[LCD]:vfd reply success
<4>
<4>[LCD]:bm730_dbox_lcd_write_data 
<4>
<4>[LCD]:vfd reply success
<4>
<4>[AUD]: AUDIO_SET_MUTE 0 
<4>[AUD]: AUDIO_SET_MIXER -2053161488 
<4>[LCD]:bm730_dbox_lcd_write_data 
<4>
<4>[LCD]:vfd reply success
<4>
<4>[LCD]:bm730_dbox_lcd_write_data 
<4>
<4>[LCD]:vfd reply success
<4>
<4>[DFP]:scart_select_screentype aRatio = 2
<4>[DFP]:max9597_slow_blanking data = 0x1
<4>[DFP]:scart_select_screentype aRatio = 2
<4>[DFP]:max9597_slow_blanking data = 0x1
<4>[DFP]:scart_select_screentype aRatio = 2
<4>[DFP]:max9597_slow_blanking data = 0x1
<4>[DFP]:scart_select_screentype aRatio = 2
<4>[DFP]:max9597_slow_blanking data = 0x1
<4>[DFP]:scart_select_screentype aRatio = 2
<4>[DFP]:max9597_slow_blanking data = 0x1
<4>[LCD]:bm730_dbox_lcd_write_read_data len: 8
<4>
<4>[LCD]:rtc data received 4
<4>
<4>[AUD]: AUDIO_SET_MIXER -2053161488 
<4>FE tune
<4>[AUD]: AUDIO_SELECT_SOURCE 0 
<4>[AUD]: AUDIO_SET_BYPASS_MODE 0 
<4>[AUD]: AC3 downmix 0  state : 0
<4>[AUD]: AUDIO_PAUSE 0 
<4>[AUD]: AUDIO_PLAY 0 decoder start : 0
<4>[VID]: VIDEO_SELECT_SOURCE 0  
<4>[VID]: VIDEO_GET_SIZE src w: 1920 h:1080 display w:1920 h:1080
<4>[VID]: VIDEO_GET_SIZE aspect: 1 6
<4>[VID]: VIDEO_SET_STREAMTYPE 1 
<4>[VID]: VIDEO_FREEZE 2147249320  0
<4>[VID]: VIDEO_PLAY 2147249320  5 2
<4>[VID]: VIDEO_SLOWMOTION 0    1
<4>[VID]: VIDEO_FAST_FORWARD 0    1
<4>[VID]: VIDEO_CONTINUE 0  1 
<4>[AUD]: AUDIO_CONTINUE 0 1 aph=0xc0b751bc
<4>[AUD]: Mute : 0
<4>[AUD]: AUDIO_CHANNEL_SELECT 0 
<4>[LCD]:bm730_dbox_lcd_write_data 
<4>
<4>[LCD]:vfd reply success
<4>
<4>[LCD]:bm730_dbox_lcd_write_read_data len: 8
<4>
<4>[LCD]:rtc data received 4
<4>
<4>[VID]: VIDEO_SLOWMOTION 0    1
<4>[VID]: VIDEO_FAST_FORWARD 0    1
<4>[VID]: VIDEO_CONTINUE 0  1 
<4>[AUD]: AUDIO_CONTINUE 0 1 aph=0xc0b751bc
<4>[AUD]: Mute : 0
<4>FE tune
<4>[VID]: VIDEO_SLOWMOTION 0    1
<4>[VID]: VIDEO_FAST_FORWARD 0    1
<4>[VID]: VIDEO_CONTINUE 0  1 
<4>[AUD]: AUDIO_CONTINUE 0 1 aph=0xc0b751bc
<4>[AUD]: Mute : 0
<4>[VID]: VIDEO_SLOWMOTION 0    1
<4>[VID]: VIDEO_FAST_FORWARD 0    1
<4>[VID]: VIDEO_CONTINUE 0  1 
<4>[AUD]: AUDIO_CONTINUE 0 1 aph=0xc0b751bc
<4>[AUD]: Mute : 0
<4>FE tune
<4>[VID]: VIDEO_SLOWMOTION 0    1
<4>[VID]: VIDEO_FAST_FORWARD 0    1
<4>[VID]: VIDEO_CONTINUE 0  1 
<4>[AUD]: AUDIO_CONTINUE 0 1 aph=0xc0b751bc
<4>[AUD]: Mute : 0
<4>[VID]: VIDEO_SLOWMOTION 0    1
<4>[VID]: VIDEO_FAST_FORWARD 0    1
<4>[VID]: VIDEO_CONTINUE 0  1 
<4>[AUD]: AUDIO_CONTINUE 0 1 aph=0xc0b751bc
<4>[AUD]: Mute : 0
<4>FE tune
<4>FE tune
<4>FE tune
<4>FE tune
<4>FE tune
<4>FE tune
<4>FE tune
<4>FE tune
<4>FE tune
<4>FE tune
<4>FE tune
<4>FE tune
<4>FE tune
<4>FE tune
<4>FE tune
<4>FE tune
<4>FE tune
<4>[VID]: VIDEO_SLOWMOTION 0    1
<4>[VID]: VIDEO_FAST_FORWARD 0    1
<4>[VID]: VIDEO_CONTINUE 0  1 
<4>[AUD]: AUDIO_CONTINUE 0 1 aph=0xc0b751bc
<4>[AUD]: Mute : 0
<4>[VID]: VIDEO_SLOWMOTION 0    1
<4>[VID]: VIDEO_FAST_FORWARD 0    1
<4>[VID]: VIDEO_CONTINUE 0  1 
<4>[AUD]: AUDIO_CONTINUE 0 1 aph=0xc0b751bc
<4>[AUD]: Mute : 0
<4>FE tune
<4>FE tune
<4>FE tune

